// Jest Snapshot v1, https://goo.gl/fbAQLP

exports[`Testing main App container it should match the App snapshot 1`] = `
<StrictMode>
  <div
    className="content"
  >
    <Header />
    <Search
      doSearch={[Function]}
      maxSol={2222}
    />
    <ResultsContainer
      searchResults={Array []}
    />
  </div>
  <Footer />
  <ParticleContainer />
</StrictMode>
`;
